###############################################################################
#                                                                             #
# IAR ELF Linker V6.50.3.4676/W32 for ARM               08/Apr/2015  23:45:44 #
# Copyright 2007-2013 IAR Systems AB.                                         #
#                                                                             #
#    Output file  =  \\psf\Home\Desktop\STM32F4-Discovery_FW_V1.1.0\Project\S #
#                    TM32F4_Lab\Empty_Project\EWARM\SysTick\Exe\SysTick.out   #
#    Map file     =  \\psf\Home\Desktop\STM32F4-Discovery_FW_V1.1.0\Project\S #
#                    TM32F4_Lab\Empty_Project\EWARM\SysTick\List\SysTick.map  #
#    Command line =  \\psf\Home\Desktop\STM32F4-Discovery_FW_V1.1.0\Project\S #
#                    TM32F4_Lab\Empty_Project\EWARM\SysTick\Obj\main.o        #
#                    \\psf\Home\Desktop\STM32F4-Discovery_FW_V1.1.0\Project\S #
#                    TM32F4_Lab\Empty_Project\EWARM\SysTick\Obj\misc.o        #
#                    \\psf\Home\Desktop\STM32F4-Discovery_FW_V1.1.0\Project\S #
#                    TM32F4_Lab\Empty_Project\EWARM\SysTick\Obj\startup_stm32 #
#                    f4xx.o \\psf\Home\Desktop\STM32F4-Discovery_FW_V1.1.0\Pr #
#                    oject\STM32F4_Lab\Empty_Project\EWARM\SysTick\Obj\stm32f #
#                    4_discovery.o \\psf\Home\Desktop\STM32F4-Discovery_FW_V1 #
#                    .1.0\Project\STM32F4_Lab\Empty_Project\EWARM\SysTick\Obj #
#                    \stm32f4xx_adc.o \\psf\Home\Desktop\STM32F4-Discovery_FW #
#                    _V1.1.0\Project\STM32F4_Lab\Empty_Project\EWARM\SysTick\ #
#                    Obj\stm32f4xx_can.o \\psf\Home\Desktop\STM32F4-Discovery #
#                    _FW_V1.1.0\Project\STM32F4_Lab\Empty_Project\EWARM\SysTi #
#                    ck\Obj\stm32f4xx_crc.o \\psf\Home\Desktop\STM32F4-Discov #
#                    ery_FW_V1.1.0\Project\STM32F4_Lab\Empty_Project\EWARM\Sy #
#                    sTick\Obj\stm32f4xx_cryp.o \\psf\Home\Desktop\STM32F4-Di #
#                    scovery_FW_V1.1.0\Project\STM32F4_Lab\Empty_Project\EWAR #
#                    M\SysTick\Obj\stm32f4xx_cryp_aes.o                       #
#                    \\psf\Home\Desktop\STM32F4-Discovery_FW_V1.1.0\Project\S #
#                    TM32F4_Lab\Empty_Project\EWARM\SysTick\Obj\stm32f4xx_cry #
#                    p_des.o \\psf\Home\Desktop\STM32F4-Discovery_FW_V1.1.0\P #
#                    roject\STM32F4_Lab\Empty_Project\EWARM\SysTick\Obj\stm32 #
#                    f4xx_cryp_tdes.o \\psf\Home\Desktop\STM32F4-Discovery_FW #
#                    _V1.1.0\Project\STM32F4_Lab\Empty_Project\EWARM\SysTick\ #
#                    Obj\stm32f4xx_dac.o \\psf\Home\Desktop\STM32F4-Discovery #
#                    _FW_V1.1.0\Project\STM32F4_Lab\Empty_Project\EWARM\SysTi #
#                    ck\Obj\stm32f4xx_dbgmcu.o \\psf\Home\Desktop\STM32F4-Dis #
#                    covery_FW_V1.1.0\Project\STM32F4_Lab\Empty_Project\EWARM #
#                    \SysTick\Obj\stm32f4xx_dcmi.o                            #
#                    \\psf\Home\Desktop\STM32F4-Discovery_FW_V1.1.0\Project\S #
#                    TM32F4_Lab\Empty_Project\EWARM\SysTick\Obj\stm32f4xx_dma #
#                    .o \\psf\Home\Desktop\STM32F4-Discovery_FW_V1.1.0\Projec #
#                    t\STM32F4_Lab\Empty_Project\EWARM\SysTick\Obj\stm32f4xx_ #
#                    exti.o \\psf\Home\Desktop\STM32F4-Discovery_FW_V1.1.0\Pr #
#                    oject\STM32F4_Lab\Empty_Project\EWARM\SysTick\Obj\stm32f #
#                    4xx_flash.o \\psf\Home\Desktop\STM32F4-Discovery_FW_V1.1 #
#                    .0\Project\STM32F4_Lab\Empty_Project\EWARM\SysTick\Obj\s #
#                    tm32f4xx_fsmc.o \\psf\Home\Desktop\STM32F4-Discovery_FW_ #
#                    V1.1.0\Project\STM32F4_Lab\Empty_Project\EWARM\SysTick\O #
#                    bj\stm32f4xx_gpio.o \\psf\Home\Desktop\STM32F4-Discovery #
#                    _FW_V1.1.0\Project\STM32F4_Lab\Empty_Project\EWARM\SysTi #
#                    ck\Obj\stm32f4xx_hash.o \\psf\Home\Desktop\STM32F4-Disco #
#                    very_FW_V1.1.0\Project\STM32F4_Lab\Empty_Project\EWARM\S #
#                    ysTick\Obj\stm32f4xx_hash_md5.o                          #
#                    \\psf\Home\Desktop\STM32F4-Discovery_FW_V1.1.0\Project\S #
#                    TM32F4_Lab\Empty_Project\EWARM\SysTick\Obj\stm32f4xx_has #
#                    h_sha1.o \\psf\Home\Desktop\STM32F4-Discovery_FW_V1.1.0\ #
#                    Project\STM32F4_Lab\Empty_Project\EWARM\SysTick\Obj\stm3 #
#                    2f4xx_i2c.o \\psf\Home\Desktop\STM32F4-Discovery_FW_V1.1 #
#                    .0\Project\STM32F4_Lab\Empty_Project\EWARM\SysTick\Obj\s #
#                    tm32f4xx_it.o \\psf\Home\Desktop\STM32F4-Discovery_FW_V1 #
#                    .1.0\Project\STM32F4_Lab\Empty_Project\EWARM\SysTick\Obj #
#                    \stm32f4xx_iwdg.o \\psf\Home\Desktop\STM32F4-Discovery_F #
#                    W_V1.1.0\Project\STM32F4_Lab\Empty_Project\EWARM\SysTick #
#                    \Obj\stm32f4xx_pwr.o \\psf\Home\Desktop\STM32F4-Discover #
#                    y_FW_V1.1.0\Project\STM32F4_Lab\Empty_Project\EWARM\SysT #
#                    ick\Obj\stm32f4xx_rcc.o \\psf\Home\Desktop\STM32F4-Disco #
#                    very_FW_V1.1.0\Project\STM32F4_Lab\Empty_Project\EWARM\S #
#                    ysTick\Obj\stm32f4xx_rng.o \\psf\Home\Desktop\STM32F4-Di #
#                    scovery_FW_V1.1.0\Project\STM32F4_Lab\Empty_Project\EWAR #
#                    M\SysTick\Obj\stm32f4xx_rtc.o                            #
#                    \\psf\Home\Desktop\STM32F4-Discovery_FW_V1.1.0\Project\S #
#                    TM32F4_Lab\Empty_Project\EWARM\SysTick\Obj\stm32f4xx_sdi #
#                    o.o \\psf\Home\Desktop\STM32F4-Discovery_FW_V1.1.0\Proje #
#                    ct\STM32F4_Lab\Empty_Project\EWARM\SysTick\Obj\stm32f4xx #
#                    _spi.o \\psf\Home\Desktop\STM32F4-Discovery_FW_V1.1.0\Pr #
#                    oject\STM32F4_Lab\Empty_Project\EWARM\SysTick\Obj\stm32f #
#                    4xx_syscfg.o \\psf\Home\Desktop\STM32F4-Discovery_FW_V1. #
#                    1.0\Project\STM32F4_Lab\Empty_Project\EWARM\SysTick\Obj\ #
#                    stm32f4xx_tim.o \\psf\Home\Desktop\STM32F4-Discovery_FW_ #
#                    V1.1.0\Project\STM32F4_Lab\Empty_Project\EWARM\SysTick\O #
#                    bj\stm32f4xx_usart.o \\psf\Home\Desktop\STM32F4-Discover #
#                    y_FW_V1.1.0\Project\STM32F4_Lab\Empty_Project\EWARM\SysT #
#                    ick\Obj\stm32f4xx_wwdg.o \\psf\Home\Desktop\STM32F4-Disc #
#                    overy_FW_V1.1.0\Project\STM32F4_Lab\Empty_Project\EWARM\ #
#                    SysTick\Obj\system_stm32f4xx.o --redirect                #
#                    _Printf=_PrintfSmall --redirect _Scanf=_ScanfSmall -o    #
#                    \\psf\Home\Desktop\STM32F4-Discovery_FW_V1.1.0\Project\S #
#                    TM32F4_Lab\Empty_Project\EWARM\SysTick\Exe\SysTick.out   #
#                    --map \\psf\Home\Desktop\STM32F4-Discovery_FW_V1.1.0\Pro #
#                    ject\STM32F4_Lab\Empty_Project\EWARM\SysTick\List\SysTic #
#                    k.map --config \\psf\Home\Desktop\STM32F4-Discovery_FW_V #
#                    1.1.0\Project\STM32F4_Lab\Empty_Project\EWARM\stm32f4xx_ #
#                    flash.icf --semihosting --entry __iar_program_start      #
#                    --vfe                                                    #
#                                                                             #
#                                                                             #
###############################################################################

*******************************************************************************
*** RUNTIME MODEL ATTRIBUTES
***

CppFlavor       = *
__SystemLibrary = DLib


*******************************************************************************
*** PLACEMENT SUMMARY
***

"A1":  place at 0x08000000 { ro section .intvec };
"P1":  place in [from 0x08000000 to 0x080fffff] { ro };
"P2":  place in [from 0x20000000 to 0x20020000] { rw, block CSTACK, block HEAP };

  Section            Kind        Address   Size  Object
  -------            ----        -------   ----  ------
"A1":                                     0x188
  .intvec            ro code  0x08000000  0x188  startup_stm32f4xx.o [1]
                            - 0x08000188  0x188

"P1":                                     0x540
  .text              ro code  0x08000188   0xe0  system_stm32f4xx.o [1]
  .text              ro code  0x08000268   0xb0  main.o [1]
  .text              ro code  0x08000318   0x8c  stm32f4_discovery.o [1]
  .text              ro code  0x080003a4   0x70  stm32f4xx_gpio.o [1]
  .text              ro code  0x08000414   0x18  stm32f4xx_rcc.o [1]
  .text              ro code  0x0800042c   0x2e  copy_init3.o [4]
  .text              ro code  0x0800045a   0x22  zero_init3.o [4]
  .text              ro code  0x0800047c   0x28  data_init.o [4]
  .iar.init_table    const    0x080004a4   0x24  - Linker created -
  .text              ro code  0x080004c8   0x16  cmain.o [4]
  .text              ro code  0x080004de    0x4  low_level_init.o [3]
  .text              ro code  0x080004e2    0x4  exit.o [3]
  .text              ro code  0x080004e8    0xa  cexit.o [4]
  .text              ro code  0x080004f4   0x14  exit.o [5]
  .text              ro code  0x08000508   0x14  stm32f4xx_it.o [1]
  .text              ro code  0x0800051c   0x10  startup_stm32f4xx.o [1]
  .text              ro code  0x0800052c    0xc  cstartup_M.o [4]
  .text              ro code  0x08000538    0x4  startup_stm32f4xx.o [1]
  .text              ro code  0x0800053c    0x4  startup_stm32f4xx.o [1]
  .text              ro code  0x08000540    0x4  startup_stm32f4xx.o [1]
  .text              ro code  0x08000544    0x4  startup_stm32f4xx.o [1]
  .text              ro code  0x08000548    0x4  startup_stm32f4xx.o [1]
  .text              ro code  0x0800054c    0x4  startup_stm32f4xx.o [1]
  .text              ro code  0x08000550    0x4  startup_stm32f4xx.o [1]
  .text              ro code  0x08000554    0x4  startup_stm32f4xx.o [1]
  .text              ro code  0x08000558    0x4  startup_stm32f4xx.o [1]
  .text              ro code  0x0800055c    0x4  startup_stm32f4xx.o [1]
  .text              ro code  0x08000560    0x4  startup_stm32f4xx.o [1]
  .text              ro code  0x08000564    0x4  startup_stm32f4xx.o [1]
  .text              ro code  0x08000568    0x4  startup_stm32f4xx.o [1]
  .text              ro code  0x0800056c    0x4  startup_stm32f4xx.o [1]
  .text              ro code  0x08000570    0x4  startup_stm32f4xx.o [1]
  .text              ro code  0x08000574    0x4  startup_stm32f4xx.o [1]
  .text              ro code  0x08000578    0x4  startup_stm32f4xx.o [1]
  .text              ro code  0x0800057c    0x4  startup_stm32f4xx.o [1]
  .text              ro code  0x08000580    0x4  startup_stm32f4xx.o [1]
  .text              ro code  0x08000584    0x4  startup_stm32f4xx.o [1]
  .text              ro code  0x08000588    0x4  startup_stm32f4xx.o [1]
  .text              ro code  0x0800058c    0x4  startup_stm32f4xx.o [1]
  .text              ro code  0x08000590    0x4  startup_stm32f4xx.o [1]
  .text              ro code  0x08000594    0x4  startup_stm32f4xx.o [1]
  .text              ro code  0x08000598    0x4  startup_stm32f4xx.o [1]
  .text              ro code  0x0800059c    0x4  startup_stm32f4xx.o [1]
  .text              ro code  0x080005a0    0x4  startup_stm32f4xx.o [1]
  .text              ro code  0x080005a4    0x4  startup_stm32f4xx.o [1]
  .text              ro code  0x080005a8    0x4  startup_stm32f4xx.o [1]
  .text              ro code  0x080005ac    0x4  startup_stm32f4xx.o [1]
  .text              ro code  0x080005b0    0x4  startup_stm32f4xx.o [1]
  .text              ro code  0x080005b4    0x4  startup_stm32f4xx.o [1]
  .text              ro code  0x080005b8    0x4  startup_stm32f4xx.o [1]
  .text              ro code  0x080005bc    0x4  startup_stm32f4xx.o [1]
  .text              ro code  0x080005c0    0x4  startup_stm32f4xx.o [1]
  .text              ro code  0x080005c4    0x4  startup_stm32f4xx.o [1]
  .text              ro code  0x080005c8    0x4  startup_stm32f4xx.o [1]
  .text              ro code  0x080005cc    0x4  startup_stm32f4xx.o [1]
  .text              ro code  0x080005d0    0x4  startup_stm32f4xx.o [1]
  .text              ro code  0x080005d4    0x4  startup_stm32f4xx.o [1]
  .text              ro code  0x080005d8    0x4  startup_stm32f4xx.o [1]
  .text              ro code  0x080005dc    0x4  startup_stm32f4xx.o [1]
  .text              ro code  0x080005e0    0x4  startup_stm32f4xx.o [1]
  .text              ro code  0x080005e4    0x4  startup_stm32f4xx.o [1]
  .text              ro code  0x080005e8    0x4  startup_stm32f4xx.o [1]
  .text              ro code  0x080005ec    0x4  startup_stm32f4xx.o [1]
  .text              ro code  0x080005f0    0x4  startup_stm32f4xx.o [1]
  .text              ro code  0x080005f4    0x4  startup_stm32f4xx.o [1]
  .text              ro code  0x080005f8    0x4  startup_stm32f4xx.o [1]
  .text              ro code  0x080005fc    0x4  startup_stm32f4xx.o [1]
  .text              ro code  0x08000600    0x4  startup_stm32f4xx.o [1]
  .text              ro code  0x08000604    0x4  startup_stm32f4xx.o [1]
  .text              ro code  0x08000608    0x4  startup_stm32f4xx.o [1]
  .text              ro code  0x0800060c    0x4  startup_stm32f4xx.o [1]
  .text              ro code  0x08000610    0x4  startup_stm32f4xx.o [1]
  .text              ro code  0x08000614    0x4  startup_stm32f4xx.o [1]
  .text              ro code  0x08000618    0x4  startup_stm32f4xx.o [1]
  .text              ro code  0x0800061c    0x4  startup_stm32f4xx.o [1]
  .text              ro code  0x08000620    0x4  startup_stm32f4xx.o [1]
  .text              ro code  0x08000624    0x4  startup_stm32f4xx.o [1]
  .text              ro code  0x08000628    0x4  startup_stm32f4xx.o [1]
  .text              ro code  0x0800062c    0x4  startup_stm32f4xx.o [1]
  .text              ro code  0x08000630    0x4  startup_stm32f4xx.o [1]
  .text              ro code  0x08000634    0x4  startup_stm32f4xx.o [1]
  .text              ro code  0x08000638    0x4  startup_stm32f4xx.o [1]
  .text              ro code  0x0800063c    0x4  startup_stm32f4xx.o [1]
  .text              ro code  0x08000640    0x4  startup_stm32f4xx.o [1]
  .text              ro code  0x08000644    0x4  startup_stm32f4xx.o [1]
  .text              ro code  0x08000648    0x4  startup_stm32f4xx.o [1]
  .text              ro code  0x0800064c    0x4  startup_stm32f4xx.o [1]
  .text              ro code  0x08000650    0x4  startup_stm32f4xx.o [1]
  .text              ro code  0x08000654    0x4  startup_stm32f4xx.o [1]
  .text              ro code  0x08000658    0x4  startup_stm32f4xx.o [1]
  .text              ro code  0x0800065c    0x4  startup_stm32f4xx.o [1]
  .text              ro code  0x08000660    0x4  startup_stm32f4xx.o [1]
  .text              ro code  0x08000664    0x4  startup_stm32f4xx.o [1]
  .text              ro code  0x08000668    0x4  startup_stm32f4xx.o [1]
  .text              ro code  0x0800066c    0x4  startup_stm32f4xx.o [1]
  .text              ro code  0x08000670    0x4  startup_stm32f4xx.o [1]
  .text              ro code  0x08000674    0x4  startup_stm32f4xx.o [1]
  .text              ro code  0x08000678    0x4  startup_stm32f4xx.o [1]
  .text              ro code  0x0800067c    0x4  startup_stm32f4xx.o [1]
  .text              ro code  0x08000680    0x4  startup_stm32f4xx.o [1]
  .text              ro code  0x08000684    0x4  startup_stm32f4xx.o [1]
  .text              ro code  0x08000688    0x4  startup_stm32f4xx.o [1]
  .text              ro code  0x0800068c    0x4  startup_stm32f4xx.o [1]
  .text              ro code  0x08000690    0x4  startup_stm32f4xx.o [1]
  .text              ro code  0x08000694    0x4  startup_stm32f4xx.o [1]
  .text              ro code  0x08000698    0x4  startup_stm32f4xx.o [1]
  .text              ro code  0x0800069c    0x4  startup_stm32f4xx.o [1]
  .text              ro code  0x080006a0    0x4  startup_stm32f4xx.o [1]
  .rodata            const    0x080006a4    0x0  zero_init3.o [4]
  .rodata            const    0x080006a4    0x0  copy_init3.o [4]
  Initializer bytes  ro data  0x080006a4   0x24  <for P2 s0>
                            - 0x080006c8  0x540

"P2", part 1 of 3:                         0x24
  P2 s0                       0x20000000   0x24  <Init block>
    .data            inited   0x20000000   0x14  system_stm32f4xx.o [1]
    .data            inited   0x20000014   0x10  stm32f4_discovery.o [1]
                            - 0x20000024   0x24

"P2", part 2 of 3:                          0x4
  .bss               zero     0x20000024    0x4  main.o [1]
                            - 0x20000028    0x4

"P2", part 3 of 3:                        0x400
  CSTACK                      0x20000028  0x400  <Block>
    CSTACK           uninit   0x20000028  0x400  <Block tail>
                            - 0x20000428  0x400


*******************************************************************************
*** INIT TABLE
***

          Address     Size
          -------     ----
Zero (__iar_zero_init3)
    1 destination range, total size 0x4:
          0x20000024   0x4

Copy (__iar_copy_init3)
    1 source range, total size 0x24:
          0x080006a4  0x24
    1 destination range, total size 0x24:
          0x20000000  0x24



*******************************************************************************
*** MODULE SUMMARY
***

    Module               ro code  ro data  rw data
    ------               -------  -------  -------
\\psf\Home\Desktop\STM32F4-Discovery_FW_V1.1.0\Project\STM32F4_Lab\Empty_Project\EWARM\SysTick\Obj: [1]
    main.o                   176                 4
    startup_stm32f4xx.o      772
    stm32f4_discovery.o      140       16       16
    stm32f4xx_gpio.o         112
    stm32f4xx_it.o            20
    stm32f4xx_rcc.o           24
    system_stm32f4xx.o       224       20       20
    ----------------------------------------------
    Total:                 1 468       36       40

command line: [2]
    ----------------------------------------------
    Total:

dl7M_tln.a: [3]
    exit.o                     4
    low_level_init.o           4
    ----------------------------------------------
    Total:                     8

rt7M_tl.a: [4]
    cexit.o                   10
    cmain.o                   22
    copy_init3.o              46
    cstartup_M.o              12
    data_init.o               40
    zero_init3.o              34
    ----------------------------------------------
    Total:                   164

shb_l.a: [5]
    exit.o                    20
    ----------------------------------------------
    Total:                    20

    Gaps                       4
    Linker created                     36    1 024
--------------------------------------------------
    Grand Total:           1 664       72    1 064


*******************************************************************************
*** ENTRY LIST
***

Entry                      Address  Size  Type      Object
-----                      -------  ----  ----      ------
?main                   0x080004c9        Code  Gb  cmain.o [4]
ADC_IRQHandler          0x080005a5        Code  Wk  startup_stm32f4xx.o [1]
AHBPrescTable           0x20000000  0x10  Data  Gb  system_stm32f4xx.o [1]
BusFault_Handler        0x0800050f   0x2  Code  Gb  stm32f4xx_it.o [1]
CAN1_RX0_IRQHandler     0x080005ad        Code  Wk  startup_stm32f4xx.o [1]
CAN1_RX1_IRQHandler     0x080005b1        Code  Wk  startup_stm32f4xx.o [1]
CAN1_SCE_IRQHandler     0x080005b5        Code  Wk  startup_stm32f4xx.o [1]
CAN1_TX_IRQHandler      0x080005a9        Code  Wk  startup_stm32f4xx.o [1]
CAN2_RX0_IRQHandler     0x0800065d        Code  Wk  startup_stm32f4xx.o [1]
CAN2_RX1_IRQHandler     0x08000661        Code  Wk  startup_stm32f4xx.o [1]
CAN2_SCE_IRQHandler     0x08000665        Code  Wk  startup_stm32f4xx.o [1]
CAN2_TX_IRQHandler      0x08000659        Code  Wk  startup_stm32f4xx.o [1]
CRYP_IRQHandler         0x08000699        Code  Wk  startup_stm32f4xx.o [1]
CSTACK$$Base            0x20000028         --   Gb  - Linker created -
CSTACK$$Limit           0x20000428         --   Gb  - Linker created -
DCMI_IRQHandler         0x08000695        Code  Wk  startup_stm32f4xx.o [1]
DMA1_Stream0_IRQHandler
                        0x08000589        Code  Wk  startup_stm32f4xx.o [1]
DMA1_Stream1_IRQHandler
                        0x0800058d        Code  Wk  startup_stm32f4xx.o [1]
DMA1_Stream2_IRQHandler
                        0x08000591        Code  Wk  startup_stm32f4xx.o [1]
DMA1_Stream3_IRQHandler
                        0x08000595        Code  Wk  startup_stm32f4xx.o [1]
DMA1_Stream4_IRQHandler
                        0x08000599        Code  Wk  startup_stm32f4xx.o [1]
DMA1_Stream5_IRQHandler
                        0x0800059d        Code  Wk  startup_stm32f4xx.o [1]
DMA1_Stream6_IRQHandler
                        0x080005a1        Code  Wk  startup_stm32f4xx.o [1]
DMA1_Stream7_IRQHandler
                        0x08000619        Code  Wk  startup_stm32f4xx.o [1]
DMA2_Stream0_IRQHandler
                        0x0800063d        Code  Wk  startup_stm32f4xx.o [1]
DMA2_Stream1_IRQHandler
                        0x08000641        Code  Wk  startup_stm32f4xx.o [1]
DMA2_Stream2_IRQHandler
                        0x08000645        Code  Wk  startup_stm32f4xx.o [1]
DMA2_Stream3_IRQHandler
                        0x08000649        Code  Wk  startup_stm32f4xx.o [1]
DMA2_Stream4_IRQHandler
                        0x0800064d        Code  Wk  startup_stm32f4xx.o [1]
DMA2_Stream5_IRQHandler
                        0x0800066d        Code  Wk  startup_stm32f4xx.o [1]
DMA2_Stream6_IRQHandler
                        0x08000671        Code  Wk  startup_stm32f4xx.o [1]
DMA2_Stream7_IRQHandler
                        0x08000675        Code  Wk  startup_stm32f4xx.o [1]
DebugMon_Handler        0x08000515   0x2  Code  Gb  stm32f4xx_it.o [1]
Delay                   0x080002e1  0x12  Code  Gb  main.o [1]
ETH_IRQHandler          0x08000651        Code  Wk  startup_stm32f4xx.o [1]
ETH_WKUP_IRQHandler     0x08000655        Code  Wk  startup_stm32f4xx.o [1]
EXTI0_IRQHandler        0x08000575        Code  Wk  startup_stm32f4xx.o [1]
EXTI15_10_IRQHandler    0x080005fd        Code  Wk  startup_stm32f4xx.o [1]
EXTI1_IRQHandler        0x08000579        Code  Wk  startup_stm32f4xx.o [1]
EXTI2_IRQHandler        0x0800057d        Code  Wk  startup_stm32f4xx.o [1]
EXTI3_IRQHandler        0x08000581        Code  Wk  startup_stm32f4xx.o [1]
EXTI4_IRQHandler        0x08000585        Code  Wk  startup_stm32f4xx.o [1]
EXTI9_5_IRQHandler      0x080005b9        Code  Wk  startup_stm32f4xx.o [1]
FLASH_IRQHandler        0x0800056d        Code  Wk  startup_stm32f4xx.o [1]
FPU_IRQHandler          0x080006a1        Code  Wk  startup_stm32f4xx.o [1]
FSMC_IRQHandler         0x0800061d        Code  Wk  startup_stm32f4xx.o [1]
GPIO_CLK                0x08000394  0x10  Data  Gb  stm32f4_discovery.o [1]
GPIO_Init               0x080003a5  0x70  Code  Gb  stm32f4xx_gpio.o [1]
GPIO_PIN                0x0800038c   0x8  Data  Gb  stm32f4_discovery.o [1]
GPIO_PORT               0x20000014  0x10  Data  Gb  stm32f4_discovery.o [1]
HASH_RNG_IRQHandler     0x0800069d        Code  Wk  startup_stm32f4xx.o [1]
HardFault_Handler       0x0800050b   0x2  Code  Gb  stm32f4xx_it.o [1]
I2C1_ER_IRQHandler      0x080005dd        Code  Wk  startup_stm32f4xx.o [1]
I2C1_EV_IRQHandler      0x080005d9        Code  Wk  startup_stm32f4xx.o [1]
I2C2_ER_IRQHandler      0x080005e5        Code  Wk  startup_stm32f4xx.o [1]
I2C2_EV_IRQHandler      0x080005e1        Code  Wk  startup_stm32f4xx.o [1]
I2C3_ER_IRQHandler      0x08000681        Code  Wk  startup_stm32f4xx.o [1]
I2C3_EV_IRQHandler      0x0800067d        Code  Wk  startup_stm32f4xx.o [1]
MemManage_Handler       0x0800050d   0x2  Code  Gb  stm32f4xx_it.o [1]
NMI_Handler             0x08000509   0x2  Code  Gb  stm32f4xx_it.o [1]
OTG_FS_IRQHandler       0x08000669        Code  Wk  startup_stm32f4xx.o [1]
OTG_FS_WKUP_IRQHandler  0x08000605        Code  Wk  startup_stm32f4xx.o [1]
OTG_HS_EP1_IN_IRQHandler
                        0x08000689        Code  Wk  startup_stm32f4xx.o [1]
OTG_HS_EP1_OUT_IRQHandler
                        0x08000685        Code  Wk  startup_stm32f4xx.o [1]
OTG_HS_IRQHandler       0x08000691        Code  Wk  startup_stm32f4xx.o [1]
OTG_HS_WKUP_IRQHandler  0x0800068d        Code  Wk  startup_stm32f4xx.o [1]
PVD_IRQHandler          0x08000561        Code  Wk  startup_stm32f4xx.o [1]
PendSV_Handler          0x08000517   0x2  Code  Gb  stm32f4xx_it.o [1]
RCC_AHB1PeriphClockCmd  0x08000415  0x12  Code  Gb  stm32f4xx_rcc.o [1]
RCC_IRQHandler          0x08000571        Code  Wk  startup_stm32f4xx.o [1]
RTC_Alarm_IRQHandler    0x08000601        Code  Wk  startup_stm32f4xx.o [1]
RTC_WKUP_IRQHandler     0x08000569        Code  Wk  startup_stm32f4xx.o [1]
Region$$Table$$Base     0x080004a4         --   Gb  - Linker created -
Region$$Table$$Limit    0x080004c8         --   Gb  - Linker created -
Reset_Handler           0x0800051d        Code  Wk  startup_stm32f4xx.o [1]
SDIO_IRQHandler         0x08000621        Code  Wk  startup_stm32f4xx.o [1]
SPI1_IRQHandler         0x080005e9        Code  Wk  startup_stm32f4xx.o [1]
SPI2_IRQHandler         0x080005ed        Code  Wk  startup_stm32f4xx.o [1]
SPI3_IRQHandler         0x08000629        Code  Wk  startup_stm32f4xx.o [1]
STM_EVAL_LEDInit        0x08000319  0x3c  Code  Gb  stm32f4_discovery.o [1]
STM_EVAL_LEDOn          0x08000355  0x12  Code  Gb  stm32f4_discovery.o [1]
STM_EVAL_LEDToggle      0x08000367  0x16  Code  Gb  stm32f4_discovery.o [1]
SVC_Handler             0x08000513   0x2  Code  Gb  stm32f4xx_it.o [1]
SysTick_Handler         0x08000519   0x4  Code  Gb  stm32f4xx_it.o [1]
SystemCoreClock         0x20000010   0x4  Data  Gb  system_stm32f4xx.o [1]
SystemInit              0x08000189  0xc4  Code  Gb  system_stm32f4xx.o [1]
TAMP_STAMP_IRQHandler   0x08000565        Code  Wk  startup_stm32f4xx.o [1]
TIM1_BRK_TIM9_IRQHandler
                        0x080005bd        Code  Wk  startup_stm32f4xx.o [1]
TIM1_CC_IRQHandler      0x080005c9        Code  Wk  startup_stm32f4xx.o [1]
TIM1_TRG_COM_TIM11_IRQHandler
                        0x080005c5        Code  Wk  startup_stm32f4xx.o [1]
TIM1_UP_TIM10_IRQHandler
                        0x080005c1        Code  Wk  startup_stm32f4xx.o [1]
TIM2_IRQHandler         0x080005cd        Code  Wk  startup_stm32f4xx.o [1]
TIM3_IRQHandler         0x080005d1        Code  Wk  startup_stm32f4xx.o [1]
TIM4_IRQHandler         0x080005d5        Code  Wk  startup_stm32f4xx.o [1]
TIM5_IRQHandler         0x08000625        Code  Wk  startup_stm32f4xx.o [1]
TIM6_DAC_IRQHandler     0x08000635        Code  Wk  startup_stm32f4xx.o [1]
TIM7_IRQHandler         0x08000639        Code  Wk  startup_stm32f4xx.o [1]
TIM8_BRK_TIM12_IRQHandler
                        0x08000609        Code  Wk  startup_stm32f4xx.o [1]
TIM8_CC_IRQHandler      0x08000615        Code  Wk  startup_stm32f4xx.o [1]
TIM8_TRG_COM_TIM14_IRQHandler
                        0x08000611        Code  Wk  startup_stm32f4xx.o [1]
TIM8_UP_TIM13_IRQHandler
                        0x0800060d        Code  Wk  startup_stm32f4xx.o [1]
TimingDelay             0x20000024   0x4  Data  Lc  main.o [1]
TimingDelay_Decrement   0x080002f3   0xe  Code  Gb  main.o [1]
UART4_IRQHandler        0x0800062d        Code  Wk  startup_stm32f4xx.o [1]
UART5_IRQHandler        0x08000631        Code  Wk  startup_stm32f4xx.o [1]
USART1_IRQHandler       0x080005f1        Code  Wk  startup_stm32f4xx.o [1]
USART2_IRQHandler       0x080005f5        Code  Wk  startup_stm32f4xx.o [1]
USART3_IRQHandler       0x080005f9        Code  Wk  startup_stm32f4xx.o [1]
USART6_IRQHandler       0x08000679        Code  Wk  startup_stm32f4xx.o [1]
UsageFault_Handler      0x08000511   0x2  Code  Gb  stm32f4xx_it.o [1]
WWDG_IRQHandler         0x0800055d        Code  Wk  startup_stm32f4xx.o [1]
__cmain                 0x080004c9        Code  Gb  cmain.o [4]
__exit                  0x080004f5  0x14  Code  Gb  exit.o [5]
__iar_copy_init3        0x0800042d  0x2e  Code  Gb  copy_init3.o [4]
__iar_data_init3        0x0800047d  0x28  Code  Gb  data_init.o [4]
__iar_program_start     0x0800052d        Code  Gb  cstartup_M.o [4]
__iar_zero_init3        0x0800045b  0x22  Code  Gb  zero_init3.o [4]
__low_level_init        0x080004df   0x4  Code  Gb  low_level_init.o [3]
__vector_table          0x08000000        Data  Gb  startup_stm32f4xx.o [1]
_call_main              0x080004d5        Code  Gb  cmain.o [4]
_exit                   0x080004e9        Code  Gb  cexit.o [4]
_main                   0x080004db        Code  Gb  cmain.o [4]
exit                    0x080004e3   0x4  Code  Gb  exit.o [3]
main                    0x08000269  0x78  Code  Gb  main.o [1]


[1] = \\psf\Home\Desktop\STM32F4-Discovery_FW_V1.1.0\Project\STM32F4_Lab\Empty_Project\EWARM\SysTick\Obj
[2] = command line
[3] = dl7M_tln.a
[4] = rt7M_tl.a
[5] = shb_l.a

  1 664 bytes of readonly  code memory
     72 bytes of readonly  data memory
  1 064 bytes of readwrite data memory

Errors: none
Warnings: none
